---
source: interactive-actions/src/lib.rs
expression: "actions.run(Some(Path::new(\".\")), None::<&fn(&Action) -> ()>).unwrap()"
---
- name: input-action
  run:
    script: echo tlv
    code: 0
    out: "tlv\n"
    err: ""
  response:
    Text: tlv

