---
source: interactive-actions/src/lib.rs
expression: actions.varbag
---
{
    "city": "tlv",
    "confirm": "true",
}
