---
source: interactive-actions/src/data.rs
expression: "Foobar { hey: true }"
---
hey: true

